2025-10-26 14:35:00,306 - root - ERROR - 调用 tavily API失败: 400 Client Error: Bad Request for url: https://api.tavily.com/search
2025-10-26 14:35:00,307 - root - INFO - 开始处理主题：2025年5月，北京CBD一处公交车站发生罕见气体泄漏事故，百余人被紧急疏散。
2025-10-26 14:35:10,273 - httpx - INFO - HTTP Request: POST https://svip.xty.app/v1/chat/completions "HTTP/1.1 200 OK"
2025-10-26 14:36:01,654 - root - ERROR - 调用 tavily API失败: 400 Client Error: Bad Request for url: https://api.tavily.com/search
2025-10-26 14:36:01,655 - root - INFO - 开始处理主题：2025年5月，北京CBD一处公交车站发生罕见气体泄漏事故，百余人被紧急疏散。
2025-10-26 14:36:02,946 - httpx - INFO - HTTP Request: POST https://api.siliconflow.cn/v1/chat/completions "HTTP/1.1 200 OK"
2025-10-26 14:36:20,896 - root - INFO - 开始处理主题：2025年5月，北京CBD一处公交车站发生罕见气体泄漏事故，百余人被紧急疏散。
2025-10-26 14:36:22,354 - httpx - INFO - HTTP Request: POST https://api.siliconflow.cn/v1/chat/completions "HTTP/1.1 200 OK"
2025-10-26 14:36:39,698 - httpx - INFO - HTTP Request: POST https://api.siliconflow.cn/v1/chat/completions "HTTP/1.1 200 OK"
2025-10-26 14:36:48,216 - root - INFO - 新闻报道已保存：C:\Users\User\PycharmProjects\ai_search\rumor\dataset\ai_generate\news_reports\2025年5月北京CBD一处公交车站发生罕见气体泄漏事故百余人被紧急疏散.txt
2025-10-26 14:36:48,216 - root - INFO - 结果已写入：C:\Users\User\PycharmProjects\ai_search\rumor\dataset\ai_generate\generated_news_results.json
2025-10-26 14:36:48,216 - root - INFO - 开始处理主题：上海浦东一居民楼电梯在凌晨突然高速下坠，5人受伤，疑因电力波动所致。
2025-10-26 14:36:50,011 - httpx - INFO - HTTP Request: POST https://api.siliconflow.cn/v1/chat/completions "HTTP/1.1 200 OK"
2025-10-26 14:37:10,667 - httpx - INFO - HTTP Request: POST https://api.siliconflow.cn/v1/chat/completions "HTTP/1.1 200 OK"
2025-10-26 14:37:24,062 - root - INFO - 新闻报道已保存：C:\Users\User\PycharmProjects\ai_search\rumor\dataset\ai_generate\news_reports\上海浦东一居民楼电梯在凌晨突然高速下坠5人受伤疑因电力波动所致.txt
2025-10-26 14:37:24,062 - root - INFO - 结果已写入：C:\Users\User\PycharmProjects\ai_search\rumor\dataset\ai_generate\generated_news_results.json
2025-10-26 14:37:24,062 - root - INFO - 开始处理主题：法国巴黎一历史博物馆2026年6月无故失火，部分珍贵文物遭到毁损，警方已展开调查。
2025-10-26 14:37:26,728 - httpx - INFO - HTTP Request: POST https://api.siliconflow.cn/v1/chat/completions "HTTP/1.1 200 OK"
2025-10-26 14:37:50,879 - httpx - INFO - HTTP Request: POST https://api.siliconflow.cn/v1/chat/completions "HTTP/1.1 200 OK"
2025-10-26 14:37:59,471 - root - INFO - 新闻报道已保存：C:\Users\User\PycharmProjects\ai_search\rumor\dataset\ai_generate\news_reports\法国巴黎一历史博物馆2026年6月无故失火部分珍贵文物遭到毁损警方已展开调查.txt
2025-10-26 14:37:59,471 - root - INFO - 结果已写入：C:\Users\User\PycharmProjects\ai_search\rumor\dataset\ai_generate\generated_news_results.json
2025-10-26 14:37:59,471 - root - INFO - 开始处理主题：秘鲁首都利马举办首届“无人机交通论坛”，多国官员与专家共商智慧城市发展。
2025-10-26 14:38:01,541 - httpx - INFO - HTTP Request: POST https://api.siliconflow.cn/v1/chat/completions "HTTP/1.1 200 OK"
2025-10-26 14:38:24,160 - httpx - INFO - HTTP Request: POST https://api.siliconflow.cn/v1/chat/completions "HTTP/1.1 200 OK"
2025-10-26 14:38:31,403 - root - INFO - 新闻报道已保存：C:\Users\User\PycharmProjects\ai_search\rumor\dataset\ai_generate\news_reports\秘鲁首都利马举办首届无人机交通论坛多国官员与专家共商智慧城市发展.txt
2025-10-26 14:38:31,403 - root - INFO - 结果已写入：C:\Users\User\PycharmProjects\ai_search\rumor\dataset\ai_generate\generated_news_results.json
2025-10-26 14:38:31,403 - root - INFO - 开始处理主题：美国硅谷创业团队于2025年发布全球首台全仿生智能手臂，计划年底实现量产。
2025-10-26 14:38:33,094 - httpx - INFO - HTTP Request: POST https://api.siliconflow.cn/v1/chat/completions "HTTP/1.1 200 OK"
2025-10-26 14:38:56,075 - httpx - INFO - HTTP Request: POST https://api.siliconflow.cn/v1/chat/completions "HTTP/1.1 200 OK"
2025-10-26 14:39:07,471 - root - INFO - 新闻报道已保存：C:\Users\User\PycharmProjects\ai_search\rumor\dataset\ai_generate\news_reports\美国硅谷创业团队于2025年发布全球首台全仿生智能手臂计划年底实现量产.txt
2025-10-26 14:39:07,472 - root - INFO - 结果已写入：C:\Users\User\PycharmProjects\ai_search\rumor\dataset\ai_generate\generated_news_results.json
2025-10-26 14:39:07,472 - root - INFO - 开始处理主题：日本某实验室通过量子计算破解多种现有加密标准，引发网络安全界震荡。
2025-10-26 14:39:09,099 - httpx - INFO - HTTP Request: POST https://api.siliconflow.cn/v1/chat/completions "HTTP/1.1 200 OK"
2025-10-26 14:39:31,103 - httpx - INFO - HTTP Request: POST https://api.siliconflow.cn/v1/chat/completions "HTTP/1.1 200 OK"
2025-10-26 14:39:44,929 - root - INFO - 新闻报道已保存：C:\Users\User\PycharmProjects\ai_search\rumor\dataset\ai_generate\news_reports\日本某实验室通过量子计算破解多种现有加密标准引发网络安全界震荡.txt
2025-10-26 14:39:44,929 - root - INFO - 结果已写入：C:\Users\User\PycharmProjects\ai_search\rumor\dataset\ai_generate\generated_news_results.json
2025-10-26 14:39:44,929 - root - INFO - 开始处理主题：广州亚运会男子百米决赛中，一位17岁新秀意外夺冠，打破亚洲纪录。
2025-10-26 14:39:47,074 - httpx - INFO - HTTP Request: POST https://api.siliconflow.cn/v1/chat/completions "HTTP/1.1 200 OK"
2025-10-26 14:40:11,505 - httpx - INFO - HTTP Request: POST https://api.siliconflow.cn/v1/chat/completions "HTTP/1.1 200 OK"
2025-10-26 14:40:21,029 - root - INFO - 新闻报道已保存：C:\Users\User\PycharmProjects\ai_search\rumor\dataset\ai_generate\news_reports\广州亚运会男子百米决赛中一位17岁新秀意外夺冠打破亚洲纪录.txt
2025-10-26 14:40:21,030 - root - INFO - 结果已写入：C:\Users\User\PycharmProjects\ai_search\rumor\dataset\ai_generate\generated_news_results.json
2025-10-26 14:40:21,030 - root - INFO - 开始处理主题：曼彻斯特联队宣布2026年将首次亚洲巡回赛定于中国武汉拉开帷幕。
2025-10-26 14:40:23,429 - httpx - INFO - HTTP Request: POST https://api.siliconflow.cn/v1/chat/completions "HTTP/1.1 200 OK"
2025-10-26 14:40:47,961 - httpx - INFO - HTTP Request: POST https://api.siliconflow.cn/v1/chat/completions "HTTP/1.1 200 OK"
2025-10-26 14:40:56,110 - root - INFO - 新闻报道已保存：C:\Users\User\PycharmProjects\ai_search\rumor\dataset\ai_generate\news_reports\曼彻斯特联队宣布2026年将首次亚洲巡回赛定于中国武汉拉开帷幕.txt
2025-10-26 14:40:56,110 - root - INFO - 结果已写入：C:\Users\User\PycharmProjects\ai_search\rumor\dataset\ai_generate\generated_news_results.json
2025-10-26 14:40:56,110 - root - INFO - 开始处理主题：2025年，新加坡卫生部门通报一种罕见禽流感病毒人传人病例，世卫组织密切关注。
2025-10-26 14:40:57,591 - httpx - INFO - HTTP Request: POST https://api.siliconflow.cn/v1/chat/completions "HTTP/1.1 200 OK"
2025-10-26 14:41:18,549 - httpx - INFO - HTTP Request: POST https://api.siliconflow.cn/v1/chat/completions "HTTP/1.1 200 OK"
2025-10-26 14:41:27,487 - root - INFO - 新闻报道已保存：C:\Users\User\PycharmProjects\ai_search\rumor\dataset\ai_generate\news_reports\2025年新加坡卫生部门通报一种罕见禽流感病毒人传人病例世卫组织密切关注.txt
2025-10-26 14:41:27,488 - root - INFO - 结果已写入：C:\Users\User\PycharmProjects\ai_search\rumor\dataset\ai_generate\generated_news_results.json
2025-10-26 14:41:27,488 - root - INFO - 开始处理主题：北京协和医院首次采用无创基因编辑疗法治愈罕见遗传病患儿。
2025-10-26 14:41:29,080 - httpx - INFO - HTTP Request: POST https://api.siliconflow.cn/v1/chat/completions "HTTP/1.1 200 OK"
2025-10-26 14:41:49,812 - httpx - INFO - HTTP Request: POST https://api.siliconflow.cn/v1/chat/completions "HTTP/1.1 200 OK"
2025-10-26 14:41:56,635 - root - INFO - 新闻报道已保存：C:\Users\User\PycharmProjects\ai_search\rumor\dataset\ai_generate\news_reports\北京协和医院首次采用无创基因编辑疗法治愈罕见遗传病患儿.txt
2025-10-26 14:41:56,635 - root - INFO - 结果已写入：C:\Users\User\PycharmProjects\ai_search\rumor\dataset\ai_generate\generated_news_results.json
2025-10-26 14:41:56,635 - root - INFO - 开始处理主题：2026年高考数学全国卷突破传统题型，人工智能相关应用成考点焦点。
2025-10-26 14:41:58,708 - httpx - INFO - HTTP Request: POST https://api.siliconflow.cn/v1/chat/completions "HTTP/1.1 200 OK"
2025-10-26 14:42:19,802 - httpx - INFO - HTTP Request: POST https://api.siliconflow.cn/v1/chat/completions "HTTP/1.1 200 OK"
2025-10-26 14:42:26,463 - root - INFO - 新闻报道已保存：C:\Users\User\PycharmProjects\ai_search\rumor\dataset\ai_generate\news_reports\2026年高考数学全国卷突破传统题型人工智能相关应用成考点焦点.txt
2025-10-26 14:42:26,464 - root - INFO - 结果已写入：C:\Users\User\PycharmProjects\ai_search\rumor\dataset\ai_generate\generated_news_results.json
2025-10-26 14:42:26,464 - root - INFO - 开始处理主题：杭州市中小学自2025年秋季起全面取消成绩排名，推行进步性评价体系。
2025-10-26 14:42:28,183 - httpx - INFO - HTTP Request: POST https://api.siliconflow.cn/v1/chat/completions "HTTP/1.1 200 OK"
2025-10-26 14:42:48,949 - httpx - INFO - HTTP Request: POST https://api.siliconflow.cn/v1/chat/completions "HTTP/1.1 200 OK"
2025-10-26 14:42:56,882 - root - INFO - 新闻报道已保存：C:\Users\User\PycharmProjects\ai_search\rumor\dataset\ai_generate\news_reports\杭州市中小学自2025年秋季起全面取消成绩排名推行进步性评价体系.txt
2025-10-26 14:42:56,882 - root - INFO - 结果已写入：C:\Users\User\PycharmProjects\ai_search\rumor\dataset\ai_generate\generated_news_results.json
2025-10-26 14:42:56,882 - root - INFO - 开始处理主题：2026年5月，阿里集团与沙特主权基金签署300亿美元能源投资协议。
2025-10-26 14:42:58,530 - httpx - INFO - HTTP Request: POST https://api.siliconflow.cn/v1/chat/completions "HTTP/1.1 200 OK"
2025-10-26 14:43:14,928 - httpx - INFO - HTTP Request: POST https://api.siliconflow.cn/v1/chat/completions "HTTP/1.1 200 OK"
2025-10-26 14:43:22,365 - root - INFO - 新闻报道已保存：C:\Users\User\PycharmProjects\ai_search\rumor\dataset\ai_generate\news_reports\2026年5月阿里集团与沙特主权基金签署300亿美元能源投资协议.txt
2025-10-26 14:43:22,365 - root - INFO - 结果已写入：C:\Users\User\PycharmProjects\ai_search\rumor\dataset\ai_generate\generated_news_results.json
2025-10-26 14:43:22,365 - root - INFO - 开始处理主题：纽约证券交易所某AI芯片公司股价单日飙涨400%，引发次日全球科技股剧烈波动。
2025-10-26 14:43:24,073 - httpx - INFO - HTTP Request: POST https://api.siliconflow.cn/v1/chat/completions "HTTP/1.1 200 OK"
2025-10-26 14:43:48,251 - httpx - INFO - HTTP Request: POST https://api.siliconflow.cn/v1/chat/completions "HTTP/1.1 200 OK"
2025-10-26 14:44:00,657 - root - INFO - 新闻报道已保存：C:\Users\User\PycharmProjects\ai_search\rumor\dataset\ai_generate\news_reports\纽约证券交易所某AI芯片公司股价单日飙涨400引发次日全球科技股剧烈波动.txt
2025-10-26 14:44:00,657 - root - INFO - 结果已写入：C:\Users\User\PycharmProjects\ai_search\rumor\dataset\ai_generate\generated_news_results.json
2025-10-26 14:44:00,657 - root - INFO - 开始处理主题：德国研究团队发布报告称，每天快走1万步能显著延缓老年痴呆症发病年龄。
2025-10-26 14:44:03,154 - httpx - INFO - HTTP Request: POST https://api.siliconflow.cn/v1/chat/completions "HTTP/1.1 200 OK"
2025-10-26 14:44:21,817 - httpx - INFO - HTTP Request: POST https://api.siliconflow.cn/v1/chat/completions "HTTP/1.1 200 OK"
2025-10-26 14:44:28,944 - root - INFO - 新闻报道已保存：C:\Users\User\PycharmProjects\ai_search\rumor\dataset\ai_generate\news_reports\德国研究团队发布报告称每天快走1万步能显著延缓老年痴呆症发病年龄.txt
2025-10-26 14:44:28,945 - root - INFO - 结果已写入：C:\Users\User\PycharmProjects\ai_search\rumor\dataset\ai_generate\generated_news_results.json
2025-10-26 14:44:28,945 - root - INFO - 开始处理主题：2025年冬，南极出现罕见蓝色海冰，科学家称与气候变暖有关。
2025-10-26 14:44:30,827 - httpx - INFO - HTTP Request: POST https://api.siliconflow.cn/v1/chat/completions "HTTP/1.1 200 OK"
2025-10-26 14:44:58,341 - httpx - INFO - HTTP Request: POST https://api.siliconflow.cn/v1/chat/completions "HTTP/1.1 200 OK"
2025-10-26 14:45:05,394 - root - INFO - 新闻报道已保存：C:\Users\User\PycharmProjects\ai_search\rumor\dataset\ai_generate\news_reports\2025年冬南极出现罕见蓝色海冰科学家称与气候变暖有关.txt
2025-10-26 14:45:05,394 - root - INFO - 结果已写入：C:\Users\User\PycharmProjects\ai_search\rumor\dataset\ai_generate\generated_news_results.json
2025-10-26 14:45:05,394 - root - INFO - 开始处理主题：2025年，世界著名导演李克执导的历史题材影片获得戛纳电影节最高奖项。
2025-10-26 14:45:06,572 - httpx - INFO - HTTP Request: POST https://api.siliconflow.cn/v1/chat/completions "HTTP/1.1 200 OK"
2025-10-26 14:45:26,475 - httpx - INFO - HTTP Request: POST https://api.siliconflow.cn/v1/chat/completions "HTTP/1.1 200 OK"
2025-10-26 14:45:36,508 - root - INFO - 新闻报道已保存：C:\Users\User\PycharmProjects\ai_search\rumor\dataset\ai_generate\news_reports\2025年世界著名导演李克执导的历史题材影片获得戛纳电影节最高奖项.txt
2025-10-26 14:45:36,509 - root - INFO - 结果已写入：C:\Users\User\PycharmProjects\ai_search\rumor\dataset\ai_generate\generated_news_results.json
2025-10-26 14:45:36,509 - root - INFO - 开始处理主题：韩国某女团成员在东京演出期间意外脚伤，网民纷纷送上祝福，粉丝自发众筹治疗费。
2025-10-26 14:45:37,966 - httpx - INFO - HTTP Request: POST https://api.siliconflow.cn/v1/chat/completions "HTTP/1.1 200 OK"
2025-10-26 14:46:00,161 - httpx - INFO - HTTP Request: POST https://api.siliconflow.cn/v1/chat/completions "HTTP/1.1 200 OK"
2025-10-26 14:46:09,805 - root - INFO - 新闻报道已保存：C:\Users\User\PycharmProjects\ai_search\rumor\dataset\ai_generate\news_reports\韩国某女团成员在东京演出期间意外脚伤网民纷纷送上祝福粉丝自发众筹治疗费.txt
2025-10-26 14:46:09,805 - root - INFO - 结果已写入：C:\Users\User\PycharmProjects\ai_search\rumor\dataset\ai_generate\generated_news_results.json
2025-10-26 14:46:09,805 - root - INFO - 开始处理主题：2025年11月，武汉同济医院联合清华大学宣布，一项针对早期阿尔茨海默症患者的“脑机接口记忆重建疗法”获得突破性进展，首批6名志愿者在术后2周内出现显著记忆力提升。
2025-10-26 14:46:11,080 - httpx - INFO - HTTP Request: POST https://api.siliconflow.cn/v1/chat/completions "HTTP/1.1 200 OK"
2025-10-26 14:46:29,301 - httpx - INFO - HTTP Request: POST https://api.siliconflow.cn/v1/chat/completions "HTTP/1.1 200 OK"
2025-10-26 14:46:40,133 - root - INFO - 新闻报道已保存：C:\Users\User\PycharmProjects\ai_search\rumor\dataset\ai_generate\news_reports\2025年11月武汉同济医院联合清华大学宣布一项针对早期阿尔茨海默症患者的脑机接口记忆重建疗法获得突.txt
2025-10-26 14:46:40,133 - root - INFO - 结果已写入：C:\Users\User\PycharmProjects\ai_search\rumor\dataset\ai_generate\generated_news_results.json
2025-10-26 14:46:40,134 - root - INFO - 开始处理主题：2026年3月，深圳龙岗区一初创科技公司发布了全国首个“智能景区导览机器人”，并在世界大学生创新大会上实现首次公开路演，引起国内外游客和业内专家的强烈关注。
2025-10-26 14:46:42,197 - httpx - INFO - HTTP Request: POST https://api.siliconflow.cn/v1/chat/completions "HTTP/1.1 200 OK"
2025-10-26 14:47:03,947 - httpx - INFO - HTTP Request: POST https://api.siliconflow.cn/v1/chat/completions "HTTP/1.1 200 OK"
2025-10-26 14:47:12,058 - root - INFO - 新闻报道已保存：C:\Users\User\PycharmProjects\ai_search\rumor\dataset\ai_generate\news_reports\2026年3月深圳龙岗区一初创科技公司发布了全国首个智能景区导览机器人并在世界大学生创新大会上实现首.txt
2025-10-26 14:47:12,058 - root - INFO - 结果已写入：C:\Users\User\PycharmProjects\ai_search\rumor\dataset\ai_generate\generated_news_results.json
2025-10-26 14:48:25,406 - root - INFO - 开始处理主题：2025年5月，北京CBD一处公交车站发生罕见气体泄漏事故，百余人被紧急疏散。
2025-10-26 14:48:27,689 - httpx - INFO - HTTP Request: POST https://api.siliconflow.cn/v1/chat/completions "HTTP/1.1 200 OK"
2025-10-26 14:48:49,953 - httpx - INFO - HTTP Request: POST https://api.siliconflow.cn/v1/chat/completions "HTTP/1.1 200 OK"
2025-10-26 14:49:00,918 - root - INFO - 新闻报道已保存：C:\Users\User\PycharmProjects\ai_search\rumor\dataset\ai_generate\news_reports\2025年5月北京CBD一处公交车站发生罕见气体泄漏事故百余人被紧急疏散.txt
2025-10-26 14:49:00,918 - root - INFO - 结果已写入：C:\Users\User\PycharmProjects\ai_search\rumor\dataset\ai_generate\generated_news_results.json
2025-10-26 14:49:00,918 - root - INFO - 开始处理主题：上海浦东一居民楼电梯在凌晨突然高速下坠，5人受伤，疑因电力波动所致。
2025-10-26 14:49:02,201 - httpx - INFO - HTTP Request: POST https://api.siliconflow.cn/v1/chat/completions "HTTP/1.1 200 OK"
2025-10-26 14:49:23,624 - httpx - INFO - HTTP Request: POST https://api.siliconflow.cn/v1/chat/completions "HTTP/1.1 200 OK"
2025-10-26 14:49:36,575 - root - INFO - 新闻报道已保存：C:\Users\User\PycharmProjects\ai_search\rumor\dataset\ai_generate\news_reports\上海浦东一居民楼电梯在凌晨突然高速下坠5人受伤疑因电力波动所致.txt
2025-10-26 14:49:36,575 - root - INFO - 结果已写入：C:\Users\User\PycharmProjects\ai_search\rumor\dataset\ai_generate\generated_news_results.json
2025-10-26 14:49:36,575 - root - INFO - 开始处理主题：法国巴黎一历史博物馆2026年6月无故失火，部分珍贵文物遭到毁损，警方已展开调查。
2025-10-26 14:49:37,546 - httpx - INFO - HTTP Request: POST https://api.siliconflow.cn/v1/chat/completions "HTTP/1.1 200 OK"
2025-10-26 14:49:55,777 - httpx - INFO - HTTP Request: POST https://api.siliconflow.cn/v1/chat/completions "HTTP/1.1 200 OK"
2025-10-26 14:50:02,106 - root - INFO - 新闻报道已保存：C:\Users\User\PycharmProjects\ai_search\rumor\dataset\ai_generate\news_reports\法国巴黎一历史博物馆2026年6月无故失火部分珍贵文物遭到毁损警方已展开调查.txt
2025-10-26 14:50:02,106 - root - INFO - 结果已写入：C:\Users\User\PycharmProjects\ai_search\rumor\dataset\ai_generate\generated_news_results.json
2025-10-26 14:50:02,106 - root - INFO - 开始处理主题：秘鲁首都利马举办首届“无人机交通论坛”，多国官员与专家共商智慧城市发展。
2025-10-26 14:50:03,327 - httpx - INFO - HTTP Request: POST https://api.siliconflow.cn/v1/chat/completions "HTTP/1.1 200 OK"
2025-10-26 14:51:33,352 - root - INFO - 开始处理主题：2025年5月，北京CBD一处公交车站发生罕见气体泄漏事故，百余人被紧急疏散。
2025-10-26 14:51:34,687 - httpx - INFO - HTTP Request: POST https://api.siliconflow.cn/v1/chat/completions "HTTP/1.1 200 OK"
2025-10-26 14:51:55,876 - httpx - INFO - HTTP Request: POST https://api.siliconflow.cn/v1/chat/completions "HTTP/1.1 200 OK"
2025-10-26 14:52:11,718 - root - INFO - 新闻报道已保存：C:\Users\User\PycharmProjects\ai_search\rumor\dataset\ai_generate\news_reports\2025年5月北京CBD一处公交车站发生罕见气体泄漏事故百余人被紧急疏散.txt
2025-10-26 14:52:11,718 - root - INFO - 结果已写入：C:\Users\User\PycharmProjects\ai_search\rumor\dataset\ai_generate\generated_news_results.json
2025-10-26 14:52:11,718 - root - INFO - 开始处理主题：上海浦东一居民楼电梯在凌晨突然高速下坠，5人受伤，疑因电力波动所致。
2025-10-26 14:52:12,863 - httpx - INFO - HTTP Request: POST https://api.siliconflow.cn/v1/chat/completions "HTTP/1.1 200 OK"
2025-10-26 14:52:30,983 - httpx - INFO - HTTP Request: POST https://api.siliconflow.cn/v1/chat/completions "HTTP/1.1 200 OK"
2025-10-26 14:54:04,687 - root - INFO - 开始处理主题：2025年5月，北京CBD一处公交车站发生罕见气体泄漏事故，百余人被紧急疏散。
2025-10-26 14:54:06,388 - httpx - INFO - HTTP Request: POST https://api.siliconflow.cn/v1/chat/completions "HTTP/1.1 200 OK"
2025-10-26 14:54:24,473 - httpx - INFO - HTTP Request: POST https://api.siliconflow.cn/v1/chat/completions "HTTP/1.1 200 OK"
2025-10-26 14:54:38,070 - root - INFO - 新闻报道已保存：C:\Users\User\PycharmProjects\ai_search\rumor\dataset\ai_generate\news_reports\2025年5月北京CBD一处公交车站发生罕见气体泄漏事故百余人被紧急疏散.txt
2025-10-26 14:54:38,070 - root - INFO - 结果已写入：C:\Users\User\PycharmProjects\ai_search\rumor\dataset\ai_generate\generated_news_results.json
2025-10-26 14:54:38,070 - root - INFO - 开始处理主题：上海浦东一居民楼电梯在凌晨突然高速下坠，5人受伤，疑因电力波动所致。
2025-10-26 14:54:40,374 - httpx - INFO - HTTP Request: POST https://api.siliconflow.cn/v1/chat/completions "HTTP/1.1 200 OK"
2025-10-26 14:55:00,841 - httpx - INFO - HTTP Request: POST https://api.siliconflow.cn/v1/chat/completions "HTTP/1.1 200 OK"
2025-10-26 14:55:14,398 - root - INFO - 新闻报道已保存：C:\Users\User\PycharmProjects\ai_search\rumor\dataset\ai_generate\news_reports\上海浦东一居民楼电梯在凌晨突然高速下坠5人受伤疑因电力波动所致.txt
2025-10-26 14:55:14,398 - root - INFO - 结果已写入：C:\Users\User\PycharmProjects\ai_search\rumor\dataset\ai_generate\generated_news_results.json
2025-10-26 14:55:14,398 - root - INFO - 开始处理主题：法国巴黎一历史博物馆2026年6月无故失火，部分珍贵文物遭到毁损，警方已展开调查。
2025-10-26 14:55:17,227 - httpx - INFO - HTTP Request: POST https://api.siliconflow.cn/v1/chat/completions "HTTP/1.1 200 OK"
2025-10-26 14:55:43,100 - httpx - INFO - HTTP Request: POST https://api.siliconflow.cn/v1/chat/completions "HTTP/1.1 200 OK"
2025-10-26 14:56:02,635 - root - INFO - 新闻报道已保存：C:\Users\User\PycharmProjects\ai_search\rumor\dataset\ai_generate\news_reports\法国巴黎一历史博物馆2026年6月无故失火部分珍贵文物遭到毁损警方已展开调查.txt
2025-10-26 14:56:02,635 - root - INFO - 结果已写入：C:\Users\User\PycharmProjects\ai_search\rumor\dataset\ai_generate\generated_news_results.json
2025-10-26 14:56:02,635 - root - INFO - 开始处理主题：秘鲁首都利马举办首届“无人机交通论坛”，多国官员与专家共商智慧城市发展。
2025-10-26 14:56:04,147 - httpx - INFO - HTTP Request: POST https://api.siliconflow.cn/v1/chat/completions "HTTP/1.1 200 OK"
2025-10-26 14:56:25,718 - httpx - INFO - HTTP Request: POST https://api.siliconflow.cn/v1/chat/completions "HTTP/1.1 200 OK"
2025-10-26 14:56:42,380 - root - INFO - 新闻报道已保存：C:\Users\User\PycharmProjects\ai_search\rumor\dataset\ai_generate\news_reports\秘鲁首都利马举办首届无人机交通论坛多国官员与专家共商智慧城市发展.txt
2025-10-26 14:56:42,381 - root - INFO - 结果已写入：C:\Users\User\PycharmProjects\ai_search\rumor\dataset\ai_generate\generated_news_results.json
2025-10-26 14:56:42,381 - root - INFO - 开始处理主题：美国硅谷创业团队于2025年发布全球首台全仿生智能手臂，计划年底实现量产。
2025-10-26 14:56:43,342 - httpx - INFO - HTTP Request: POST https://api.siliconflow.cn/v1/chat/completions "HTTP/1.1 200 OK"
2025-10-26 14:57:03,232 - httpx - INFO - HTTP Request: POST https://api.siliconflow.cn/v1/chat/completions "HTTP/1.1 200 OK"
2025-10-26 14:57:26,169 - root - INFO - 新闻报道已保存：C:\Users\User\PycharmProjects\ai_search\rumor\dataset\ai_generate\news_reports\美国硅谷创业团队于2025年发布全球首台全仿生智能手臂计划年底实现量产.txt
2025-10-26 14:57:26,169 - root - INFO - 结果已写入：C:\Users\User\PycharmProjects\ai_search\rumor\dataset\ai_generate\generated_news_results.json
2025-10-26 14:57:26,169 - root - INFO - 开始处理主题：日本某实验室通过量子计算破解多种现有加密标准，引发网络安全界震荡。
2025-10-26 14:57:27,425 - httpx - INFO - HTTP Request: POST https://api.siliconflow.cn/v1/chat/completions "HTTP/1.1 200 OK"
2025-10-26 14:57:49,718 - httpx - INFO - HTTP Request: POST https://api.siliconflow.cn/v1/chat/completions "HTTP/1.1 200 OK"
2025-10-26 14:58:00,234 - root - INFO - 新闻报道已保存：C:\Users\User\PycharmProjects\ai_search\rumor\dataset\ai_generate\news_reports\日本某实验室通过量子计算破解多种现有加密标准引发网络安全界震荡.txt
2025-10-26 14:58:00,234 - root - INFO - 结果已写入：C:\Users\User\PycharmProjects\ai_search\rumor\dataset\ai_generate\generated_news_results.json
2025-10-26 14:58:00,234 - root - INFO - 开始处理主题：广州亚运会男子百米决赛中，一位17岁新秀意外夺冠，打破亚洲纪录。
2025-10-26 14:58:01,453 - httpx - INFO - HTTP Request: POST https://api.siliconflow.cn/v1/chat/completions "HTTP/1.1 200 OK"
2025-10-26 14:58:24,617 - httpx - INFO - HTTP Request: POST https://api.siliconflow.cn/v1/chat/completions "HTTP/1.1 200 OK"
2025-10-26 14:58:50,491 - root - INFO - 新闻报道已保存：C:\Users\User\PycharmProjects\ai_search\rumor\dataset\ai_generate\news_reports\广州亚运会男子百米决赛中一位17岁新秀意外夺冠打破亚洲纪录.txt
2025-10-26 14:58:50,491 - root - INFO - 结果已写入：C:\Users\User\PycharmProjects\ai_search\rumor\dataset\ai_generate\generated_news_results.json
2025-10-26 14:58:50,491 - root - INFO - 开始处理主题：曼彻斯特联队宣布2026年将首次亚洲巡回赛定于中国武汉拉开帷幕。
2025-10-26 14:58:51,921 - httpx - INFO - HTTP Request: POST https://api.siliconflow.cn/v1/chat/completions "HTTP/1.1 200 OK"
2025-10-26 14:59:15,214 - httpx - INFO - HTTP Request: POST https://api.siliconflow.cn/v1/chat/completions "HTTP/1.1 200 OK"
2025-10-26 14:59:28,178 - root - INFO - 新闻报道已保存：C:\Users\User\PycharmProjects\ai_search\rumor\dataset\ai_generate\news_reports\曼彻斯特联队宣布2026年将首次亚洲巡回赛定于中国武汉拉开帷幕.txt
2025-10-26 14:59:28,178 - root - INFO - 结果已写入：C:\Users\User\PycharmProjects\ai_search\rumor\dataset\ai_generate\generated_news_results.json
2025-10-26 14:59:28,178 - root - INFO - 开始处理主题：2025年，新加坡卫生部门通报一种罕见禽流感病毒人传人病例，世卫组织密切关注。
2025-10-26 14:59:29,444 - httpx - INFO - HTTP Request: POST https://api.siliconflow.cn/v1/chat/completions "HTTP/1.1 200 OK"
2025-10-26 14:59:51,178 - httpx - INFO - HTTP Request: POST https://api.siliconflow.cn/v1/chat/completions "HTTP/1.1 200 OK"
2025-10-26 15:00:02,052 - root - INFO - 新闻报道已保存：C:\Users\User\PycharmProjects\ai_search\rumor\dataset\ai_generate\news_reports\2025年新加坡卫生部门通报一种罕见禽流感病毒人传人病例世卫组织密切关注.txt
2025-10-26 15:00:02,052 - root - INFO - 结果已写入：C:\Users\User\PycharmProjects\ai_search\rumor\dataset\ai_generate\generated_news_results.json
2025-10-26 15:00:02,052 - root - INFO - 开始处理主题：北京协和医院首次采用无创基因编辑疗法治愈罕见遗传病患儿。
2025-10-26 15:00:04,318 - httpx - INFO - HTTP Request: POST https://api.siliconflow.cn/v1/chat/completions "HTTP/1.1 200 OK"
2025-10-26 15:00:27,465 - httpx - INFO - HTTP Request: POST https://api.siliconflow.cn/v1/chat/completions "HTTP/1.1 200 OK"
2025-10-26 15:00:39,972 - root - INFO - 新闻报道已保存：C:\Users\User\PycharmProjects\ai_search\rumor\dataset\ai_generate\news_reports\北京协和医院首次采用无创基因编辑疗法治愈罕见遗传病患儿.txt
2025-10-26 15:00:39,973 - root - INFO - 结果已写入：C:\Users\User\PycharmProjects\ai_search\rumor\dataset\ai_generate\generated_news_results.json
2025-10-26 15:00:39,973 - root - INFO - 开始处理主题：2026年高考数学全国卷突破传统题型，人工智能相关应用成考点焦点。
2025-10-26 15:00:41,155 - httpx - INFO - HTTP Request: POST https://api.siliconflow.cn/v1/chat/completions "HTTP/1.1 200 OK"
2025-10-26 15:01:00,420 - httpx - INFO - HTTP Request: POST https://api.siliconflow.cn/v1/chat/completions "HTTP/1.1 200 OK"
2025-10-26 15:01:14,484 - root - INFO - 新闻报道已保存：C:\Users\User\PycharmProjects\ai_search\rumor\dataset\ai_generate\news_reports\2026年高考数学全国卷突破传统题型人工智能相关应用成考点焦点.txt
2025-10-26 15:01:14,485 - root - INFO - 结果已写入：C:\Users\User\PycharmProjects\ai_search\rumor\dataset\ai_generate\generated_news_results.json
2025-10-26 15:01:14,485 - root - INFO - 开始处理主题：杭州市中小学自2025年秋季起全面取消成绩排名，推行进步性评价体系。
2025-10-26 15:01:16,351 - httpx - INFO - HTTP Request: POST https://api.siliconflow.cn/v1/chat/completions "HTTP/1.1 200 OK"
2025-10-26 15:01:37,462 - httpx - INFO - HTTP Request: POST https://api.siliconflow.cn/v1/chat/completions "HTTP/1.1 200 OK"
2025-10-26 15:02:05,218 - root - INFO - 新闻报道已保存：C:\Users\User\PycharmProjects\ai_search\rumor\dataset\ai_generate\news_reports\杭州市中小学自2025年秋季起全面取消成绩排名推行进步性评价体系.txt
2025-10-26 15:02:05,218 - root - INFO - 结果已写入：C:\Users\User\PycharmProjects\ai_search\rumor\dataset\ai_generate\generated_news_results.json
2025-10-26 15:02:05,218 - root - INFO - 开始处理主题：2026年5月，阿里集团与沙特主权基金签署300亿美元能源投资协议。
2025-10-26 15:02:07,005 - httpx - INFO - HTTP Request: POST https://api.siliconflow.cn/v1/chat/completions "HTTP/1.1 200 OK"
2025-10-26 15:02:29,872 - httpx - INFO - HTTP Request: POST https://api.siliconflow.cn/v1/chat/completions "HTTP/1.1 200 OK"
2025-10-26 15:02:49,022 - root - INFO - 新闻报道已保存：C:\Users\User\PycharmProjects\ai_search\rumor\dataset\ai_generate\news_reports\2026年5月阿里集团与沙特主权基金签署300亿美元能源投资协议.txt
2025-10-26 15:02:49,022 - root - INFO - 结果已写入：C:\Users\User\PycharmProjects\ai_search\rumor\dataset\ai_generate\generated_news_results.json
2025-10-26 15:02:49,022 - root - INFO - 开始处理主题：纽约证券交易所某AI芯片公司股价单日飙涨400%，引发次日全球科技股剧烈波动。
2025-10-26 15:02:50,306 - httpx - INFO - HTTP Request: POST https://api.siliconflow.cn/v1/chat/completions "HTTP/1.1 200 OK"
2025-10-26 15:03:14,448 - httpx - INFO - HTTP Request: POST https://api.siliconflow.cn/v1/chat/completions "HTTP/1.1 200 OK"
2025-10-26 15:03:27,901 - root - INFO - 新闻报道已保存：C:\Users\User\PycharmProjects\ai_search\rumor\dataset\ai_generate\news_reports\纽约证券交易所某AI芯片公司股价单日飙涨400引发次日全球科技股剧烈波动.txt
2025-10-26 15:03:27,901 - root - INFO - 结果已写入：C:\Users\User\PycharmProjects\ai_search\rumor\dataset\ai_generate\generated_news_results.json
2025-10-26 15:03:27,901 - root - INFO - 开始处理主题：德国研究团队发布报告称，每天快走1万步能显著延缓老年痴呆症发病年龄。
2025-10-26 15:03:30,425 - httpx - INFO - HTTP Request: POST https://api.siliconflow.cn/v1/chat/completions "HTTP/1.1 200 OK"
2025-10-26 15:03:50,872 - httpx - INFO - HTTP Request: POST https://api.siliconflow.cn/v1/chat/completions "HTTP/1.1 200 OK"
2025-10-26 15:04:09,173 - root - INFO - 新闻报道已保存：C:\Users\User\PycharmProjects\ai_search\rumor\dataset\ai_generate\news_reports\德国研究团队发布报告称每天快走1万步能显著延缓老年痴呆症发病年龄.txt
2025-10-26 15:04:09,173 - root - INFO - 结果已写入：C:\Users\User\PycharmProjects\ai_search\rumor\dataset\ai_generate\generated_news_results.json
2025-10-26 15:04:09,173 - root - INFO - 开始处理主题：2025年冬，南极出现罕见蓝色海冰，科学家称与气候变暖有关。
2025-10-26 15:04:11,052 - httpx - INFO - HTTP Request: POST https://api.siliconflow.cn/v1/chat/completions "HTTP/1.1 200 OK"
2025-10-26 15:04:32,261 - httpx - INFO - HTTP Request: POST https://api.siliconflow.cn/v1/chat/completions "HTTP/1.1 200 OK"
2025-10-26 15:04:51,108 - root - INFO - 新闻报道已保存：C:\Users\User\PycharmProjects\ai_search\rumor\dataset\ai_generate\news_reports\2025年冬南极出现罕见蓝色海冰科学家称与气候变暖有关.txt
2025-10-26 15:04:51,109 - root - INFO - 结果已写入：C:\Users\User\PycharmProjects\ai_search\rumor\dataset\ai_generate\generated_news_results.json
2025-10-26 15:04:51,109 - root - INFO - 开始处理主题：2025年，世界著名导演李克执导的历史题材影片获得戛纳电影节最高奖项。
2025-10-26 15:04:52,604 - httpx - INFO - HTTP Request: POST https://api.siliconflow.cn/v1/chat/completions "HTTP/1.1 200 OK"
2025-10-26 15:05:11,665 - httpx - INFO - HTTP Request: POST https://api.siliconflow.cn/v1/chat/completions "HTTP/1.1 200 OK"
2025-10-26 15:05:28,250 - root - INFO - 新闻报道已保存：C:\Users\User\PycharmProjects\ai_search\rumor\dataset\ai_generate\news_reports\2025年世界著名导演李克执导的历史题材影片获得戛纳电影节最高奖项.txt
2025-10-26 15:05:28,251 - root - INFO - 结果已写入：C:\Users\User\PycharmProjects\ai_search\rumor\dataset\ai_generate\generated_news_results.json
2025-10-26 15:05:28,251 - root - INFO - 开始处理主题：韩国某女团成员在东京演出期间意外脚伤，网民纷纷送上祝福，粉丝自发众筹治疗费。
2025-10-26 15:05:29,615 - httpx - INFO - HTTP Request: POST https://api.siliconflow.cn/v1/chat/completions "HTTP/1.1 200 OK"
2025-10-26 15:06:00,174 - httpx - INFO - HTTP Request: POST https://api.siliconflow.cn/v1/chat/completions "HTTP/1.1 200 OK"
2025-10-26 15:06:24,142 - root - INFO - 新闻报道已保存：C:\Users\User\PycharmProjects\ai_search\rumor\dataset\ai_generate\news_reports\韩国某女团成员在东京演出期间意外脚伤网民纷纷送上祝福粉丝自发众筹治疗费.txt
2025-10-26 15:06:24,143 - root - INFO - 结果已写入：C:\Users\User\PycharmProjects\ai_search\rumor\dataset\ai_generate\generated_news_results.json
2025-10-26 15:06:24,143 - root - INFO - 开始处理主题：2025年11月，武汉同济医院联合清华大学宣布，一项针对早期阿尔茨海默症患者的“脑机接口记忆重建疗法”获得突破性进展，首批6名志愿者在术后2周内出现显著记忆力提升。
2025-10-26 15:06:25,761 - httpx - INFO - HTTP Request: POST https://api.siliconflow.cn/v1/chat/completions "HTTP/1.1 200 OK"
2025-10-26 15:06:48,254 - httpx - INFO - HTTP Request: POST https://api.siliconflow.cn/v1/chat/completions "HTTP/1.1 200 OK"
2025-10-26 15:07:05,055 - root - INFO - 新闻报道已保存：C:\Users\User\PycharmProjects\ai_search\rumor\dataset\ai_generate\news_reports\2025年11月武汉同济医院联合清华大学宣布一项针对早期阿尔茨海默症患者的脑机接口记忆重建疗法获得突.txt
2025-10-26 15:07:05,055 - root - INFO - 结果已写入：C:\Users\User\PycharmProjects\ai_search\rumor\dataset\ai_generate\generated_news_results.json
2025-10-26 15:07:05,055 - root - INFO - 开始处理主题：2026年3月，深圳龙岗区一初创科技公司发布了全国首个“智能景区导览机器人”，并在世界大学生创新大会上实现首次公开路演，引起国内外游客和业内专家的强烈关注。
2025-10-26 15:07:06,561 - httpx - INFO - HTTP Request: POST https://api.siliconflow.cn/v1/chat/completions "HTTP/1.1 200 OK"
2025-10-26 15:07:28,801 - httpx - INFO - HTTP Request: POST https://api.siliconflow.cn/v1/chat/completions "HTTP/1.1 200 OK"
2025-10-26 15:07:42,790 - root - INFO - 新闻报道已保存：C:\Users\User\PycharmProjects\ai_search\rumor\dataset\ai_generate\news_reports\2026年3月深圳龙岗区一初创科技公司发布了全国首个智能景区导览机器人并在世界大学生创新大会上实现首.txt
2025-10-26 15:07:42,791 - root - INFO - 结果已写入：C:\Users\User\PycharmProjects\ai_search\rumor\dataset\ai_generate\generated_news_results.json
